$ rustc +1.96.0 -vV
rustc 1.96.0 (ac68faa20 2026-05-25)
binary: rustc
commit-hash: ac68faa20c58cbccd01ee7208bf3b6e93a7d7f96
commit-date: 2026-05-25
host: x86_64-unknown-linux-gnu
release: 1.96.0
LLVM version: 22.1.2

$ rm -f Cargo.lock && cargo +1.96.0 check --offline
     Locking 296 packages to latest compatible versions
      Adding base64 v0.21.7 (available: v0.23.1)
      Adding ed25519-dalek v2.2.0 (available: v3.0.0)
      Adding generic-array v0.14.7 (available: v0.14.9)
      Adding hmac v0.12.1 (available: v0.13.0)
      Adding itertools v0.10.5 (available: v0.15.0)
      Adding rand v0.8.8 (available: v0.10.3)
      Adding reqwest v0.12.28 (available: v0.13.4)
      Adding sha2 v0.10.9 (available: v0.11.0)
      Adding thiserror v1.0.69 (available: v2.0.20)
    Finished `dev` profile [unoptimized + debuginfo] target(s) in 0.26s
exit=0

$ rm -f Cargo.lock && cargo +1.96.0 check --offline --all-features
     Locking 296 packages to latest compatible versions
      Adding base64 v0.21.7 (available: v0.23.1)
      Adding ed25519-dalek v2.2.0 (available: v3.0.0)
      Adding generic-array v0.14.7 (available: v0.14.9)
      Adding hmac v0.12.1 (available: v0.13.0)
      Adding itertools v0.10.5 (available: v0.15.0)
      Adding rand v0.8.8 (available: v0.10.3)
      Adding reqwest v0.12.28 (available: v0.13.4)
      Adding sha2 v0.10.9 (available: v0.11.0)
      Adding thiserror v1.0.69 (available: v2.0.20)
    Finished `dev` profile [unoptimized + debuginfo] target(s) in 0.23s
exit=0
