cargo-deny 0.20.2
error[rejected]: failed to satisfy license requirements
   ┌─ /usr/local/cargo/registry/src/index.crates.io-1949cf8c6b5b557f/webpki-roots-1.0.9/Cargo.toml:26:12
   │
26 │ license = "CDLA-Permissive-2.0"
   │            ━━━━━━━━━━━━━━━━━━━
   │            │
   │            rejected: license is not explicitly allowed
   │
   ├ CDLA-Permissive-2.0 - Community Data License Agreement Permissive 2.0:
   ├   - No additional metadata available for license
   ├ webpki-roots v1.0.9
     ├── hyper-rustls v0.27.10
     │   └── reqwest v0.12.28
     │       ├── oauth2 v5.0.0
     │       │   └── oidc-client v4.1.0
     │       └── (dev) oidc-client v4.1.0 (*)
     └── reqwest v0.12.28 (*)

warning[license-not-encountered]: license was not encountered
   ┌─ /io/deny.toml:34:6
   │
34 │     "MPL-2.0",
   │      ━━━━━━━ unmatched license allowance

warning[license-not-encountered]: license was not encountered
   ┌─ /io/deny.toml:36:6
   │
36 │     "Zlib",
   │      ━━━━ unmatched license allowance

warning[duplicate]: found 2 duplicate entries for crate 'base64'
   ┌─ /io/Cargo.lock:11:1
   │  
11 │ ╭ base64 0.21.7 registry+https://github.com/rust-lang/crates.io-index
12 │ │ base64 0.22.1 registry+https://github.com/rust-lang/crates.io-index
   │ ╰───────────────────────────────────────────────────────────────────┘ lock entries
   │  
   ├ base64 v0.21.7
     └── oidc-client v4.1.0
   ├ base64 v0.22.1
     ├── hyper-util v0.1.20
     │   ├── hyper-rustls v0.27.10
     │   │   └── reqwest v0.12.28
     │   │       ├── oauth2 v5.0.0
     │   │       │   └── oidc-client v4.1.0
     │   │       └── (dev) oidc-client v4.1.0 (*)
     │   └── reqwest v0.12.28 (*)
     ├── oauth2 v5.0.0 (*)
     └── reqwest v0.12.28 (*)

warning[duplicate]: found 2 duplicate entries for crate 'syn'
    ┌─ /io/Cargo.lock:155:1
    │  
155 │ ╭ syn 2.0.119 registry+https://github.com/rust-lang/crates.io-index
156 │ │ syn 3.0.6 registry+https://github.com/rust-lang/crates.io-index
    │ ╰───────────────────────────────────────────────────────────────┘ lock entries
    │  
    ├ syn v2.0.119
      ├── curve25519-dalek-derive v0.1.1
      │   └── curve25519-dalek v4.1.3
      │       └── ed25519-dalek v2.2.0
      │           └── oidc-client v4.1.0
      ├── thiserror-impl v1.0.69
      │   └── thiserror v1.0.69
      │       ├── oauth2 v5.0.0
      │       │   └── oidc-client v4.1.0 (*)
      │       └── oidc-client v4.1.0 (*)
      ├── windows-implement v0.60.2
      │   └── windows-core v0.62.2
      │       └── iana-time-zone v0.1.65
      │           └── chrono v0.4.45
      │               ├── oauth2 v5.0.0 (*)
      │               └── oidc-client v4.1.0 (*)
      └── windows-interface v0.59.3
          └── windows-core v0.62.2 (*)
    ├ syn v3.0.6
      ├── darling_core v0.24.1
      │   ├── darling v0.24.1
      │   │   └── serde_with_macros v3.23.0
      │   │       └── serde_with v3.23.0
      │   │           └── oidc-client v4.1.0
      │   └── darling_macro v0.24.1
      │       └── darling v0.24.1 (*)
      ├── darling_macro v0.24.1 (*)
      ├── displaydoc v0.2.7
      │   ├── icu_collections v2.3.0
      │   │   ├── icu_normalizer v2.3.0
      │   │   │   └── idna_adapter v1.2.2
      │   │   │       └── idna v1.1.0
      │   │   │           └── url v2.5.8
      │   │   │               ├── oauth2 v5.0.0
      │   │   │               │   └── oidc-client v4.1.0 (*)
      │   │   │               ├── oidc-client v4.1.0 (*)
      │   │   │               ├── reqwest v0.12.28
      │   │   │               │   ├── oauth2 v5.0.0 (*)
      │   │   │               │   └── (dev) oidc-client v4.1.0 (*)
      │   │   │               └── tower-http v0.6.11
      │   │   │                   └── reqwest v0.12.28 (*)
      │   │   └── icu_properties v2.3.0
      │   │       └── idna_adapter v1.2.2 (*)
      │   ├── icu_locale_core v2.3.0
      │   │   ├── icu_properties v2.3.0 (*)
      │   │   └── icu_provider v2.3.1
      │   │       ├── icu_normalizer v2.3.0 (*)
      │   │       └── icu_properties v2.3.0 (*)
      │   ├── icu_properties v2.3.0 (*)
      │   ├── icu_provider v2.3.1 (*)
      │   ├── tinystr v0.8.4
      │   │   └── icu_locale_core v2.3.0 (*)
      │   └── zerotrie v0.2.5
      │       ├── icu_properties v2.3.0 (*)
      │       └── icu_provider v2.3.1 (*)
      ├── serde_derive v1.0.229
      │   ├── serde v1.0.229
      │   │   ├── chrono v0.4.45
      │   │   │   ├── oauth2 v5.0.0 (*)
      │   │   │   └── oidc-client v4.1.0 (*)
      │   │   ├── oauth2 v5.0.0 (*)
      │   │   ├── oidc-client v4.1.0 (*)
      │   │   ├── reqwest v0.12.28 (*)
      │   │   ├── serde-value v0.7.0
      │   │   │   └── oidc-client v4.1.0 (*)
      │   │   ├── serde_plain v1.0.2
      │   │   │   └── oidc-client v4.1.0 (*)
      │   │   ├── serde_urlencoded v0.7.1
      │   │   │   └── reqwest v0.12.28 (*)
      │   │   └── url v2.5.8 (*)
      │   └── url v2.5.8 (*)
      ├── serde_with_macros v3.23.0 (*)
      ├── synstructure v0.14.0
      │   ├── yoke-derive v0.8.3
      │   │   └── yoke v0.8.3
      │   │       ├── icu_collections v2.3.0 (*)
      │   │       ├── icu_provider v2.3.1 (*)
      │   │       ├── zerotrie v0.2.5 (*)
      │   │       └── zerovec v0.11.8
      │   │           ├── icu_collections v2.3.0 (*)
      │   │           ├── icu_locale_core v2.3.0 (*)
      │   │           ├── icu_normalizer v2.3.0 (*)
      │   │           ├── icu_properties v2.3.0 (*)
      │   │           ├── icu_provider v2.3.1 (*)
      │   │           ├── potential_utf v0.1.6
      │   │           │   └── icu_collections v2.3.0 (*)
      │   │           └── tinystr v0.8.4 (*)
      │   └── zerofrom-derive v0.1.8
      │       └── zerofrom v0.1.8
      │           ├── icu_collections v2.3.0 (*)
      │           ├── icu_provider v2.3.1 (*)
      │           ├── yoke v0.8.3 (*)
      │           ├── zerotrie v0.2.5 (*)
      │           └── zerovec v0.11.8 (*)
      ├── wasm-bindgen-macro-support v0.2.128
      │   └── wasm-bindgen-macro v0.2.128
      │       └── wasm-bindgen v0.2.128
      │           ├── chrono v0.4.45 (*)
      │           ├── getrandom v0.2.17
      │           │   ├── oauth2 v5.0.0 (*)
      │           │   ├── rand_core v0.6.4
      │           │   │   ├── crypto-bigint v0.5.5
      │           │   │   │   └── elliptic-curve v0.13.8
      │           │   │   │       ├── ecdsa v0.16.9
      │           │   │   │       │   ├── p256 v0.13.2
      │           │   │   │       │   │   └── oidc-client v4.1.0 (*)
      │           │   │   │       │   └── p384 v0.13.1
      │           │   │   │       │       └── oidc-client v4.1.0 (*)
      │           │   │   │       ├── p256 v0.13.2 (*)
      │           │   │   │       ├── p384 v0.13.1 (*)
      │           │   │   │       └── primeorder v0.13.6
      │           │   │   │           ├── p256 v0.13.2 (*)
      │           │   │   │           └── p384 v0.13.1 (*)
      │           │   │   ├── elliptic-curve v0.13.8 (*)
      │           │   │   ├── ff v0.13.1
      │           │   │   │   ├── elliptic-curve v0.13.8 (*)
      │           │   │   │   └── group v0.13.0
      │           │   │   │       └── elliptic-curve v0.13.8 (*)
      │           │   │   ├── group v0.13.0 (*)
      │           │   │   ├── rand v0.8.8
      │           │   │   │   ├── num-bigint-dig v0.8.6
      │           │   │   │   │   └── rsa v0.9.10
      │           │   │   │   │       └── oidc-client v4.1.0 (*)
      │           │   │   │   ├── oauth2 v5.0.0 (*)
      │           │   │   │   ├── oidc-client v4.1.0 (*)
      │           │   │   │   └── retry v1.3.1
      │           │   │   │       └── (dev) oidc-client v4.1.0 (*)
      │           │   │   ├── rand_chacha v0.3.1
      │           │   │   │   └── rand v0.8.8 (*)
      │           │   │   ├── rsa v0.9.10 (*)
      │           │   │   └── signature v2.2.0
      │           │   │       ├── ecdsa v0.16.9 (*)
      │           │   │       ├── ed25519 v2.2.3
      │           │   │       │   └── ed25519-dalek v2.2.0
      │           │   │       │       └── oidc-client v4.1.0 (*)
      │           │   │       └── rsa v0.9.10 (*)
      │           │   └── ring v0.17.14
      │           │       ├── rustls v0.23.45
      │           │       │   ├── hyper-rustls v0.27.10
      │           │       │   │   └── reqwest v0.12.28 (*)
      │           │       │   ├── reqwest v0.12.28 (*)
      │           │       │   └── tokio-rustls v0.26.5
      │           │       │       ├── hyper-rustls v0.27.10 (*)
      │           │       │       └── reqwest v0.12.28 (*)
      │           │       └── rustls-webpki v0.103.15
      │           │           └── rustls v0.23.45 (*)
      │           ├── iana-time-zone v0.1.65
      │           │   └── chrono v0.4.45 (*)
      │           ├── js-sys v0.3.105
      │           │   ├── chrono v0.4.45 (*)
      │           │   ├── getrandom v0.2.17 (*)
      │           │   ├── iana-time-zone v0.1.65 (*)
      │           │   ├── reqwest v0.12.28 (*)
      │           │   ├── wasm-bindgen-futures v0.4.78
      │           │   │   └── reqwest v0.12.28 (*)
      │           │   └── web-sys v0.3.105
      │           │       └── reqwest v0.12.28 (*)
      │           ├── reqwest v0.12.28 (*)
      │           ├── wasm-bindgen-futures v0.4.78 (*)
      │           └── web-sys v0.3.105 (*)
      ├── yoke-derive v0.8.3 (*)
      ├── zerofrom-derive v0.1.8 (*)
      └── zerovec-derive v0.11.6
          └── zerovec v0.11.8 (*)

warning[duplicate]: found 2 duplicate entries for crate 'windows-sys'
    ┌─ /io/Cargo.lock:197:1
    │  
197 │ ╭ windows-sys 0.52.0 registry+https://github.com/rust-lang/crates.io-index
198 │ │ windows-sys 0.61.2 registry+https://github.com/rust-lang/crates.io-index
    │ ╰────────────────────────────────────────────────────────────────────────┘ lock entries
    │  
    ├ windows-sys v0.52.0
      └── ring v0.17.14
          ├── rustls v0.23.45
          │   ├── hyper-rustls v0.27.10
          │   │   └── reqwest v0.12.28
          │   │       ├── oauth2 v5.0.0
          │   │       │   └── oidc-client v4.1.0
          │   │       └── (dev) oidc-client v4.1.0 (*)
          │   ├── reqwest v0.12.28 (*)
          │   └── tokio-rustls v0.26.5
          │       ├── hyper-rustls v0.27.10 (*)
          │       └── reqwest v0.12.28 (*)
          └── rustls-webpki v0.103.15
              └── rustls v0.23.45 (*)
    ├ windows-sys v0.61.2
      ├── mio v1.2.3
      │   └── tokio v1.53.1
      │       ├── hyper v1.11.1
      │       │   ├── hyper-rustls v0.27.10
      │       │   │   └── reqwest v0.12.28
      │       │   │       ├── oauth2 v5.0.0
      │       │   │       │   └── oidc-client v4.1.0
      │       │   │       └── (dev) oidc-client v4.1.0 (*)
      │       │   ├── hyper-util v0.1.20
      │       │   │   ├── hyper-rustls v0.27.10 (*)
      │       │   │   └── reqwest v0.12.28 (*)
      │       │   └── reqwest v0.12.28 (*)
      │       ├── hyper-rustls v0.27.10 (*)
      │       ├── hyper-util v0.1.20 (*)
      │       ├── reqwest v0.12.28 (*)
      │       ├── tokio-rustls v0.26.5
      │       │   ├── hyper-rustls v0.27.10 (*)
      │       │   └── reqwest v0.12.28 (*)
      │       └── tower v0.5.3
      │           ├── reqwest v0.12.28 (*)
      │           └── tower-http v0.6.11
      │               └── reqwest v0.12.28 (*)
      ├── socket2 v0.6.5
      │   ├── hyper-util v0.1.20 (*)
      │   └── tokio v1.53.1 (*)
      ├── tokio v1.53.1 (*)
      └── winapi-util v0.1.11
          └── termcolor v1.4.1
              ├── color-backtrace v0.5.1
              │   └── (dev) oidc-client v4.1.0 (*)
              └── env_logger v0.9.3
                  └── (dev) oidc-client v4.1.0 (*)

error[unmaintained]: adler crate is unmaintained, use adler2 instead
  ┌─ /io/Cargo.lock:2:1
  │
2 │ adler 1.0.2 registry+https://github.com/rust-lang/crates.io-index
  │ ━━━━━━━━━━━━━━━━━━━━━━━━━━━━━━━━━━━━━━━━━━━━━━━━━━━━━━━━━━━━━━━━━ unmaintained advisory detected
  │
  ├ ID: RUSTSEC-2025-0056
  ├ Advisory: https://rustsec.org/advisories/RUSTSEC-2025-0056
  ├ The `adler` crate is no longer actively maintained. If you rely on this crate, consider switching to a maintained alternative.
    
    ## Recommended alternatives
    
    - [`adler2`](https://crates.io/crates/adler2)
  ├ Announcement: https://github.com/jonas-schievink/adler
  ├ Solution: No safe upgrade is available!
  ├ adler v1.0.2
    └── miniz_oxide v0.7.4
        └── backtrace v0.3.71
            └── color-backtrace v0.5.1
                └── (dev) oidc-client v4.1.0

error[unmaintained]: `atty` is unmaintained
  ┌─ /io/Cargo.lock:7:1
  │
7 │ atty 0.2.14 registry+https://github.com/rust-lang/crates.io-index
  │ ━━━━━━━━━━━━━━━━━━━━━━━━━━━━━━━━━━━━━━━━━━━━━━━━━━━━━━━━━━━━━━━━━ unmaintained advisory detected
  │
  ├ ID: RUSTSEC-2024-0375
  ├ Advisory: https://rustsec.org/advisories/RUSTSEC-2024-0375
  ├ The maintainer of `atty` has [published](https://github.com/softprops/atty/commit/5bfdbe9e48c6ca6a4909e8d5b04f5e843a257e93) an official notice that the crate is no longer
    under development, and that users should instead rely on the functionality in the standard library's [`IsTerminal`](https://doc.rust-lang.org/std/io/trait.IsTerminal.html) trait.
    
    ## Alternative(s)
    
    - [std::io::IsTerminal](https://doc.rust-lang.org/stable/std/io/trait.IsTerminal.html) - Stable since Rust 1.70.0 and the recommended replacement per the `atty` maintainer.
    - [is-terminal](https://crates.io/crates/is-terminal) - Standalone crate supporting Rust older than 1.70.0
  ├ Announcement: https://github.com/softprops/atty/issues/57
  ├ Solution: No safe upgrade is available!
  ├ atty v0.2.14
    ├── color-backtrace v0.5.1
    │   └── (dev) oidc-client v4.1.0
    └── env_logger v0.9.3
        └── (dev) oidc-client v4.1.0 (*)

advisories FAILED, bans ok, licenses FAILED, sources ok
DENY-EXIT=5
