gate run at commit: (git not installed in container; head recorded in SHA256SUMS header)
rustc 1.98.0 (88d9e12ae 2026-08-18)
cargo 1.98.0 (797e8a9bc 2026-08-05)
cargo-deny 0.20.2

===== GATE 1: cargo fmt --all --check
FMT-EXIT=0

===== GATE 2: cargo clippy --all-targets -- -D warnings
    Updating crates.io index
     Locking 297 packages to latest compatible versions
      Adding backtrace v0.3.71 (available: v0.3.76)
      Adding base64 v0.21.7 (available: v0.23.1)
      Adding color-backtrace v0.5.1 (available: v0.7.4)
      Adding crypto-common v0.1.6 (available: v0.1.7)
      Adding ed25519-dalek v2.2.0 (available: v3.0.0)
      Adding env_logger v0.9.3 (available: v0.11.11)
      Adding hmac v0.12.1 (available: v0.13.0)
      Adding itertools v0.10.5 (available: v0.15.0)
      Adding p256 v0.13.2 (available: v0.14.0)
      Adding p384 v0.13.1 (available: v0.14.0)
      Adding rand v0.8.8 (available: v0.10.3)
      Adding reqwest v0.12.28 (available: v0.13.5)
      Adding retry v1.3.1 (available: v2.2.0)
      Adding sha2 v0.10.9 (available: v0.11.0)
      Adding thiserror v1.0.69 (available: v2.0.20)
    Checking oidc-client v4.1.0 (/io)
    Finished `dev` profile [unoptimized + debuginfo] target(s) in 2.88s
CLIPPY-EXIT=0

===== GATE 3: cargo test --all-features
   Compiling oidc-client v4.1.0 (/io)
    Finished `test` profile [unoptimized + debuginfo] target(s) in 1.79s
     Running unittests src/lib.rs (/tmp/target/debug/deps/oidc_client-8853f00486a3a36c)

running 70 tests
test authorization::tests::test_authorize_url_minimal ... ok
test claims::tests::test_err_field_name ... ok
test authorization::tests::test_authorize_url_implicit_with_access_token ... ok
test authorization::tests::test_authorize_url_hybrid ... ok
test authorization::tests::test_authorize_url_redirect_url_override ... ok
test claims::tests::test_duplicate_claims ... ok
test claims::tests::test_null_optional_claims ... ok
test core::jwk::tests::test_core_jwk_deserialization_dupe_fields ... ok
test core::jwk::tests::test_core_jwk_deserialization_ed ... ok
test core::jwk::tests::test_core_jwk_deserialization_ec ... ok
test core::jwk::tests::test_core_jwk_deserialization_no_optional ... ok
test core::jwk::tests::test_core_jwk_deserialization_rsa ... ok
test core::jwk::tests::test_core_jwk_deserialization_symmetric ... ok
test core::jwk::tests::test_core_jwk_deserialization_unrecognized ... ok
test authorization::tests::test_authorize_url_full ... ok
test core::jwk::tests::test_hash_bytes_eddsa ... ok
test core::jwk::tests::test_hash_bytes_rsa ... ok
test core::jwk::tests::test_jwks_unsupported_alg ... ok
test core::jwk::tests::test_jwks_same_kid_different_alg ... ok
test core::jwk::tests::test_jwks_unsupported_key ... ok
test core::tests::test_signature_alg_serde_plain ... ok
test core::tests::test_grant_type_serialize ... ok
test core::jwk::tests::test_hmac_signing ... ok
test id_token::tests::test_accept_rfc3339_timestamp ... ok
test id_token::tests::test_audiences_claim ... ok
test core::jwk::tests::test_hmac_sha256_verification ... ok
test id_token::tests::test_additional_claims ... ok
test id_token::tests::test_catch_all_additional_claims ... ok
test id_token::tests::test_issuer_claim ... ok
test id_token::tests::test_id_token ... ok
test discovery::tests::test_unsupported_enum_values ... ok
test id_token::tests::test_audience ... ok
test id_token::tests::test_minimal_claims_serde ... ok
test id_token::tests::test_oauth2_response ... ok
test id_token::tests::test_unknown_claims_serde ... ok
test discovery::tests::test_discovery_deserialization_other_fields ... ok
test jwt::tests::test_json_web_token_type_normalization ... ok
test jwt::tests::test_jwt_algorithm_deserialization ... ok
test jwt::tests::test_jwt_algorithm_serialization ... ok
test jwt::tests::test_invalid_deserialization ... ok
test logout::tests::test_logout_request_with_no_parameters ... ok
test logout::tests::test_end_session_endpoint_deserialization ... ok
test logout::tests::test_logout_request_with_all_parameters ... ok
test registration::tests::test_metadata_serialization_minimal ... ok
test discovery::tests::test_discovery_deserialization ... ok
test id_token::tests::test_complete_claims_serde ... ok
test types::tests::test_issuer_url_append ... ok
test types::tests::test_string_bool_parse ... ok
test user_info::tests::test_additional_claims ... ok
test registration::tests::test_metadata_serialization ... ok
test registration::tests::test_response_serialization ... ok
test types::tests::test_url_serialize ... ok
test user_info::tests::test_catch_all_additional_claims ... ok
test verification::tests::test_jose_header ... ok
test core::crypto::tests::test_leading_zeros_are_parsed_correctly ... ok
test core::jwk::tests::test_ed_signing ... ok
test jwt::tests::test_invalid_signature ... ok
test jwt::tests::test_jwt_basic ... ok
test core::jwk::tests::test_rsa_pss_verification ... ok
test verification::tests::test_user_info_verified_claims ... ok
test core::jwk::tests::test_eddsa_verification ... ok
test core::jwk::tests::test_rsa_pkcs1_verification ... ok
test verification::tests::test_jwt_verified_claims ... ok
test verification::tests::test_new_user_info_claims ... ok
test jwt::tests::test_new_jwt ... ok
test verification::tests::test_new_id_token ... ok
test core::jwk::tests::test_ecdsa_verification ... ok
test verification::tests::test_id_token_verified_claims ... ok
test core::jwk::tests::test_rsa_pss_signing ... ok
test core::jwk::tests::test_rsa_signing ... ok

test result: ok. 70 passed; 0 failed; 0 ignored; 0 measured; 0 filtered out; finished in 0.15s

     Running tests/rp_certification_code.rs (/tmp/target/debug/deps/rp_certification_code-1a0f04d46e9edfb7)

running 19 tests
test rp_id_token_aud ... ignored
test rp_id_token_bad_sig_hs256 ... ignored
test rp_id_token_bad_sig_rs256 ... ignored
test rp_id_token_iat ... ignored
test rp_id_token_issuer_mismatch ... ignored
test rp_id_token_kid_absent_multiple_jwks ... ignored
test rp_id_token_kid_absent_single_jwks ... ignored
test rp_id_token_sig_hs256 ... ignored
test rp_id_token_sig_none ... ignored
test rp_id_token_sig_rs256 ... ignored
test rp_id_token_sub ... ignored
test rp_nonce_invalid ... ignored
test rp_response_type_code ... ignored
test rp_scope_userinfo_claims ... ignored
test rp_token_endpoint_client_secret_basic ... ignored
test rp_token_endpoint_client_secret_post ... ignored
test rp_userinfo_bad_sub_claim ... ignored
test rp_userinfo_bearer_header ... ignored
test rp_userinfo_sig ... ignored

test result: ok. 0 passed; 0 failed; 19 ignored; 0 measured; 0 filtered out; finished in 0.00s

     Running tests/rp_certification_dynamic.rs (/tmp/target/debug/deps/rp_certification_dynamic-198c18aebd846511)

running 2 tests
test rp_discovery_openid_configuration ... ignored
test rp_registration_dynamic ... ignored

test result: ok. 0 passed; 0 failed; 2 ignored; 0 measured; 0 filtered out; finished in 0.00s

     Running tests/rp_common.rs (/tmp/target/debug/deps/rp_common-c4d37cbd6c7c9d6e)

running 0 tests

test result: ok. 0 passed; 0 failed; 0 ignored; 0 measured; 0 filtered out; finished in 0.00s

   Doc-tests oidc_client

running 9 tests
test src/lib.rs - (line 87) ... ignored
test src/lib.rs - (line 95) ... ignored
test src/lib.rs - (line 372) - compile ... ok
test src/lib.rs - (line 413) - compile ... ok
test src/lib.rs - (line 280) - compile ... ok
test src/lib.rs - (line 134) - compile ... ok
test src/lib.rs - (line 505) - compile ... ok
test src/jwt/mod.rs - jwt::NormalizedJsonWebTokenType (line 61) ... ok
test src/client.rs - client::Client (line 33) ... ok

test result: ok. 7 passed; 0 failed; 2 ignored; 0 measured; 0 filtered out; finished in 0.19s

TEST-EXIT=0

===== GATE 4: cargo deny check
warning[duplicate]: found 2 duplicate entries for crate 'base64'
   ┌─ /io/Cargo.lock:11:1
   │  
11 │ ╭ base64 0.21.7 registry+https://github.com/rust-lang/crates.io-index
12 │ │ base64 0.22.1 registry+https://github.com/rust-lang/crates.io-index
   │ ╰───────────────────────────────────────────────────────────────────┘ lock entries
   │  
   ├ base64 v0.21.7
     └── oidc-client v4.1.0
   ├ base64 v0.22.1
     ├── hyper-util v0.1.20
     │   ├── hyper-rustls v0.27.10
     │   │   └── reqwest v0.12.28
     │   │       ├── oauth2 v5.0.0
     │   │       │   └── oidc-client v4.1.0
     │   │       └── (dev) oidc-client v4.1.0 (*)
     │   └── reqwest v0.12.28 (*)
     ├── oauth2 v5.0.0 (*)
     └── reqwest v0.12.28 (*)

warning[duplicate]: found 2 duplicate entries for crate 'syn'
    ┌─ /io/Cargo.lock:155:1
    │  
155 │ ╭ syn 2.0.119 registry+https://github.com/rust-lang/crates.io-index
156 │ │ syn 3.0.6 registry+https://github.com/rust-lang/crates.io-index
    │ ╰───────────────────────────────────────────────────────────────┘ lock entries
    │  
    ├ syn v2.0.119
      ├── curve25519-dalek-derive v0.1.1
      │   └── curve25519-dalek v4.1.3
      │       └── ed25519-dalek v2.2.0
      │           └── oidc-client v4.1.0
      ├── thiserror-impl v1.0.69
      │   └── thiserror v1.0.69
      │       ├── oauth2 v5.0.0
      │       │   └── oidc-client v4.1.0 (*)
      │       └── oidc-client v4.1.0 (*)
      ├── windows-implement v0.60.2
      │   └── windows-core v0.62.2
      │       └── iana-time-zone v0.1.65
      │           └── chrono v0.4.45
      │               ├── oauth2 v5.0.0 (*)
      │               └── oidc-client v4.1.0 (*)
      └── windows-interface v0.59.3
          └── windows-core v0.62.2 (*)
    ├ syn v3.0.6
      ├── darling_core v0.24.1
      │   ├── darling v0.24.1
      │   │   └── serde_with_macros v3.23.0
      │   │       └── serde_with v3.23.0
      │   │           └── oidc-client v4.1.0
      │   └── darling_macro v0.24.1
      │       └── darling v0.24.1 (*)
      ├── darling_macro v0.24.1 (*)
      ├── displaydoc v0.2.7
      │   ├── icu_collections v2.3.0
      │   │   ├── icu_normalizer v2.3.0
      │   │   │   └── idna_adapter v1.2.2
      │   │   │       └── idna v1.1.0
      │   │   │           └── url v2.5.8
      │   │   │               ├── oauth2 v5.0.0
      │   │   │               │   └── oidc-client v4.1.0 (*)
      │   │   │               ├── oidc-client v4.1.0 (*)
      │   │   │               ├── reqwest v0.12.28
      │   │   │               │   ├── oauth2 v5.0.0 (*)
      │   │   │               │   └── (dev) oidc-client v4.1.0 (*)
      │   │   │               └── tower-http v0.6.11
      │   │   │                   └── reqwest v0.12.28 (*)
      │   │   └── icu_properties v2.3.0
      │   │       └── idna_adapter v1.2.2 (*)
      │   ├── icu_locale_core v2.3.0
      │   │   ├── icu_properties v2.3.0 (*)
      │   │   └── icu_provider v2.3.1
      │   │       ├── icu_normalizer v2.3.0 (*)
      │   │       └── icu_properties v2.3.0 (*)
      │   ├── icu_properties v2.3.0 (*)
      │   ├── icu_provider v2.3.1 (*)
      │   ├── tinystr v0.8.4
      │   │   └── icu_locale_core v2.3.0 (*)
      │   └── zerotrie v0.2.5
      │       ├── icu_properties v2.3.0 (*)
      │       └── icu_provider v2.3.1 (*)
      ├── serde_derive v1.0.229
      │   ├── serde v1.0.229
      │   │   ├── chrono v0.4.45
      │   │   │   ├── oauth2 v5.0.0 (*)
      │   │   │   └── oidc-client v4.1.0 (*)
      │   │   ├── oauth2 v5.0.0 (*)
      │   │   ├── oidc-client v4.1.0 (*)
      │   │   ├── reqwest v0.12.28 (*)
      │   │   ├── serde-value v0.7.0
      │   │   │   └── oidc-client v4.1.0 (*)
      │   │   ├── serde_plain v1.0.2
      │   │   │   └── oidc-client v4.1.0 (*)
      │   │   ├── serde_urlencoded v0.7.1
      │   │   │   └── reqwest v0.12.28 (*)
      │   │   └── url v2.5.8 (*)
      │   └── url v2.5.8 (*)
      ├── serde_with_macros v3.23.0 (*)
      ├── synstructure v0.14.0
      │   ├── yoke-derive v0.8.3
      │   │   └── yoke v0.8.3
      │   │       ├── icu_collections v2.3.0 (*)
      │   │       ├── icu_provider v2.3.1 (*)
      │   │       ├── zerotrie v0.2.5 (*)
      │   │       └── zerovec v0.11.8
      │   │           ├── icu_collections v2.3.0 (*)
      │   │           ├── icu_locale_core v2.3.0 (*)
      │   │           ├── icu_normalizer v2.3.0 (*)
      │   │           ├── icu_properties v2.3.0 (*)
      │   │           ├── icu_provider v2.3.1 (*)
      │   │           ├── potential_utf v0.1.6
      │   │           │   └── icu_collections v2.3.0 (*)
      │   │           └── tinystr v0.8.4 (*)
      │   └── zerofrom-derive v0.1.8
      │       └── zerofrom v0.1.8
      │           ├── icu_collections v2.3.0 (*)
      │           ├── icu_provider v2.3.1 (*)
      │           ├── yoke v0.8.3 (*)
      │           ├── zerotrie v0.2.5 (*)
      │           └── zerovec v0.11.8 (*)
      ├── wasm-bindgen-macro-support v0.2.128
      │   └── wasm-bindgen-macro v0.2.128
      │       └── wasm-bindgen v0.2.128
      │           ├── chrono v0.4.45 (*)
      │           ├── getrandom v0.2.17
      │           │   ├── oauth2 v5.0.0 (*)
      │           │   ├── rand_core v0.6.4
      │           │   │   ├── crypto-bigint v0.5.5
      │           │   │   │   └── elliptic-curve v0.13.8
      │           │   │   │       ├── ecdsa v0.16.9
      │           │   │   │       │   ├── p256 v0.13.2
      │           │   │   │       │   │   └── oidc-client v4.1.0 (*)
      │           │   │   │       │   └── p384 v0.13.1
      │           │   │   │       │       └── oidc-client v4.1.0 (*)
      │           │   │   │       ├── p256 v0.13.2 (*)
      │           │   │   │       ├── p384 v0.13.1 (*)
      │           │   │   │       └── primeorder v0.13.6
      │           │   │   │           ├── p256 v0.13.2 (*)
      │           │   │   │           └── p384 v0.13.1 (*)
      │           │   │   ├── elliptic-curve v0.13.8 (*)
      │           │   │   ├── ff v0.13.1
      │           │   │   │   ├── elliptic-curve v0.13.8 (*)
      │           │   │   │   └── group v0.13.0
      │           │   │   │       └── elliptic-curve v0.13.8 (*)
      │           │   │   ├── group v0.13.0 (*)
      │           │   │   ├── rand v0.8.8
      │           │   │   │   ├── num-bigint-dig v0.8.6
      │           │   │   │   │   └── rsa v0.9.10
      │           │   │   │   │       └── oidc-client v4.1.0 (*)
      │           │   │   │   ├── oauth2 v5.0.0 (*)
      │           │   │   │   ├── oidc-client v4.1.0 (*)
      │           │   │   │   └── retry v1.3.1
      │           │   │   │       └── (dev) oidc-client v4.1.0 (*)
      │           │   │   ├── rand_chacha v0.3.1
      │           │   │   │   └── rand v0.8.8 (*)
      │           │   │   ├── rsa v0.9.10 (*)
      │           │   │   └── signature v2.2.0
      │           │   │       ├── ecdsa v0.16.9 (*)
      │           │   │       ├── ed25519 v2.2.3
      │           │   │       │   └── ed25519-dalek v2.2.0
      │           │   │       │       └── oidc-client v4.1.0 (*)
      │           │   │       └── rsa v0.9.10 (*)
      │           │   └── ring v0.17.14
      │           │       ├── rustls v0.23.45
      │           │       │   ├── hyper-rustls v0.27.10
      │           │       │   │   └── reqwest v0.12.28 (*)
      │           │       │   ├── reqwest v0.12.28 (*)
      │           │       │   └── tokio-rustls v0.26.5
      │           │       │       ├── hyper-rustls v0.27.10 (*)
      │           │       │       └── reqwest v0.12.28 (*)
      │           │       └── rustls-webpki v0.103.15
      │           │           └── rustls v0.23.45 (*)
      │           ├── iana-time-zone v0.1.65
      │           │   └── chrono v0.4.45 (*)
      │           ├── js-sys v0.3.105
      │           │   ├── chrono v0.4.45 (*)
      │           │   ├── getrandom v0.2.17 (*)
      │           │   ├── iana-time-zone v0.1.65 (*)
      │           │   ├── reqwest v0.12.28 (*)
      │           │   ├── wasm-bindgen-futures v0.4.78
      │           │   │   └── reqwest v0.12.28 (*)
      │           │   └── web-sys v0.3.105
      │           │       └── reqwest v0.12.28 (*)
      │           ├── reqwest v0.12.28 (*)
      │           ├── wasm-bindgen-futures v0.4.78 (*)
      │           └── web-sys v0.3.105 (*)
      ├── yoke-derive v0.8.3 (*)
      ├── zerofrom-derive v0.1.8 (*)
      └── zerovec-derive v0.11.6
          └── zerovec v0.11.8 (*)

warning[duplicate]: found 2 duplicate entries for crate 'windows-sys'
    ┌─ /io/Cargo.lock:197:1
    │  
197 │ ╭ windows-sys 0.52.0 registry+https://github.com/rust-lang/crates.io-index
198 │ │ windows-sys 0.61.2 registry+https://github.com/rust-lang/crates.io-index
    │ ╰────────────────────────────────────────────────────────────────────────┘ lock entries
    │  
    ├ windows-sys v0.52.0
      └── ring v0.17.14
          ├── rustls v0.23.45
          │   ├── hyper-rustls v0.27.10
          │   │   └── reqwest v0.12.28
          │   │       ├── oauth2 v5.0.0
          │   │       │   └── oidc-client v4.1.0
          │   │       └── (dev) oidc-client v4.1.0 (*)
          │   ├── reqwest v0.12.28 (*)
          │   └── tokio-rustls v0.26.5
          │       ├── hyper-rustls v0.27.10 (*)
          │       └── reqwest v0.12.28 (*)
          └── rustls-webpki v0.103.15
              └── rustls v0.23.45 (*)
    ├ windows-sys v0.61.2
      ├── mio v1.2.3
      │   └── tokio v1.53.1
      │       ├── hyper v1.11.1
      │       │   ├── hyper-rustls v0.27.10
      │       │   │   └── reqwest v0.12.28
      │       │   │       ├── oauth2 v5.0.0
      │       │   │       │   └── oidc-client v4.1.0
      │       │   │       └── (dev) oidc-client v4.1.0 (*)
      │       │   ├── hyper-util v0.1.20
      │       │   │   ├── hyper-rustls v0.27.10 (*)
      │       │   │   └── reqwest v0.12.28 (*)
      │       │   └── reqwest v0.12.28 (*)
      │       ├── hyper-rustls v0.27.10 (*)
      │       ├── hyper-util v0.1.20 (*)
      │       ├── reqwest v0.12.28 (*)
      │       ├── tokio-rustls v0.26.5
      │       │   ├── hyper-rustls v0.27.10 (*)
      │       │   └── reqwest v0.12.28 (*)
      │       └── tower v0.5.3
      │           ├── reqwest v0.12.28 (*)
      │           └── tower-http v0.6.11
      │               └── reqwest v0.12.28 (*)
      ├── socket2 v0.6.5
      │   ├── hyper-util v0.1.20 (*)
      │   └── tokio v1.53.1 (*)
      ├── tokio v1.53.1 (*)
      └── winapi-util v0.1.11
          └── termcolor v1.4.1
              ├── color-backtrace v0.5.1
              │   └── (dev) oidc-client v4.1.0 (*)
              └── env_logger v0.9.3
                  └── (dev) oidc-client v4.1.0 (*)

advisories ok, bans ok, licenses ok, sources ok
DENY-EXIT=0
